Importing library.rock
Imported library.rock
Importing library.rock
Imported library.rock
Importing library.rock
Imported library.rock
Importing library.rock
Imported library.rock
Importing library.rock
Imported library.rock
Importing library.rock
Imported library.rock
Importing library.rock
Imported library.rock
Importing library.rock
Imported library.rock
Importing library.rock
Imported library.rock
Importing library.rock
Imported library.rock
Importing library.rock
Imported library.rock
Importing library.rock
Imported library.rock
Importing library.rock
Imported library.rock
Importing library.rock
Imported library.rock
Importing library.rock
Imported library.rock
Importing library.rock
Imported library.rock
Importing library.rock
Imported library.rock
Importing library.rock
Imported library.rock
